[1/28] cpp-alphabeta vs rs-alphabeta ...
[2/28] cpp-alphabeta vs js-alphabeta ...
[3/28] cpp-alphabeta vs py-alphabeta ...
[4/28] cpp-alphabeta vs py-mcts ...
[5/28] cpp-alphabeta vs cpp-greedy ...
[6/28] cpp-alphabeta vs py-greedy ...
[7/28] cpp-alphabeta vs random ...
[8/28] rs-alphabeta vs js-alphabeta ...
[9/28] rs-alphabeta vs py-alphabeta ...
[10/28] rs-alphabeta vs py-mcts ...
[11/28] rs-alphabeta vs cpp-greedy ...
[12/28] rs-alphabeta vs py-greedy ...
[13/28] rs-alphabeta vs random ...
[14/28] js-alphabeta vs py-alphabeta ...
[15/28] js-alphabeta vs py-mcts ...
[16/28] js-alphabeta vs cpp-greedy ...
[17/28] js-alphabeta vs py-greedy ...
[18/28] js-alphabeta vs random ...
[19/28] py-alphabeta vs py-mcts ...
[20/28] py-alphabeta vs cpp-greedy ...
[21/28] py-alphabeta vs py-greedy ...
[22/28] py-alphabeta vs random ...
[23/28] py-mcts vs cpp-greedy ...
[24/28] py-mcts vs py-greedy ...
[25/28] py-mcts vs random ...
[26/28] cpp-greedy vs py-greedy ...
[27/28] cpp-greedy vs random ...
[28/28] py-greedy vs random ...

Group Stage — 8 engines, 56 games (nodes 8000)

 # engine           GP   W   D   L   Pts  Score%
 1 cpp-alphabeta    14   8   6   0  11.0     79%
 2 rs-alphabeta     14   8   6   0  11.0     79%
 3 js-alphabeta     14   8   6   0  11.0     79%
 4 py-alphabeta     14   8   6   0  11.0     79%
 5 py-mcts          14   5   1   8   5.5     39%
 6 random           14   0   5   9   2.5     18%
 7 cpp-greedy       14   1   2  11   2.0     14%
 8 py-greedy        14   1   2  11   2.0     14%

wrote runs/group.jsonl
