[1/21] cpp-alphabeta vs rs-alphabeta ...
[2/21] cpp-alphabeta vs py-alphabeta ...
[3/21] cpp-alphabeta vs py-mcts ...
[4/21] cpp-alphabeta vs cpp-greedy ...
[5/21] cpp-alphabeta vs py-greedy ...
[6/21] cpp-alphabeta vs random ...
[7/21] rs-alphabeta vs py-alphabeta ...
[8/21] rs-alphabeta vs py-mcts ...
[9/21] rs-alphabeta vs cpp-greedy ...
[10/21] rs-alphabeta vs py-greedy ...
[11/21] rs-alphabeta vs random ...
[12/21] py-alphabeta vs py-mcts ...
[13/21] py-alphabeta vs cpp-greedy ...
[14/21] py-alphabeta vs py-greedy ...
[15/21] py-alphabeta vs random ...
[16/21] py-mcts vs cpp-greedy ...
[17/21] py-mcts vs py-greedy ...
[18/21] py-mcts vs random ...
[19/21] cpp-greedy vs py-greedy ...
[20/21] cpp-greedy vs random ...
[21/21] py-greedy vs random ...

Group Stage — 7 engines, 42 games (nodes 8000)

 # engine           GP   W   D   L   Pts  Score%
 1 cpp-alphabeta    12   8   4   0  10.0     83%
 2 rs-alphabeta     12   8   4   0  10.0     83%
 3 py-alphabeta     12   8   4   0  10.0     83%
 4 py-mcts          12   5   1   6   5.5     46%
 5 random           12   0   5   7   2.5     21%
 6 cpp-greedy       12   1   2   9   2.0     17%
 7 py-greedy        12   1   2   9   2.0     17%

wrote runs/group.jsonl
