mode: movetime   budget: 100   games: 20
engine1: cpp-alphabeta [lang=C++ family=alphabeta country=DE]
engine2: py-alphabeta [lang=Python family=alpha-beta country=BR]

game   0  cpp-alphabeta(W) vs py-alphabeta(B)  1/2-1/2   89 plies (repetition)
game   1  py-alphabeta(W) vs cpp-alphabeta(B)  1/2-1/2   56 plies (repetition)
game   2  cpp-alphabeta(W) vs py-alphabeta(B)  1/2-1/2   50 plies (repetition)
game   3  py-alphabeta(W) vs cpp-alphabeta(B)  1/2-1/2   74 plies (repetition)
game   4  cpp-alphabeta(W) vs py-alphabeta(B)  1-0       55 plies (checkmate)
game   5  py-alphabeta(W) vs cpp-alphabeta(B)  0-1       40 plies (checkmate)
game   6  cpp-alphabeta(W) vs py-alphabeta(B)  1-0       35 plies (checkmate)
game   7  py-alphabeta(W) vs cpp-alphabeta(B)  1/2-1/2   87 plies (repetition)
game   8  cpp-alphabeta(W) vs py-alphabeta(B)  1/2-1/2   58 plies (repetition)
game   9  py-alphabeta(W) vs cpp-alphabeta(B)  0-1       40 plies (checkmate)
game  10  cpp-alphabeta(W) vs py-alphabeta(B)  1-0       81 plies (checkmate)
game  11  py-alphabeta(W) vs cpp-alphabeta(B)  0-1       40 plies (checkmate)
game  12  cpp-alphabeta(W) vs py-alphabeta(B)  1/2-1/2   94 plies (repetition)
game  13  py-alphabeta(W) vs cpp-alphabeta(B)  1/2-1/2   74 plies (repetition)
game  14  cpp-alphabeta(W) vs py-alphabeta(B)  1-0       33 plies (checkmate)
game  15  py-alphabeta(W) vs cpp-alphabeta(B)  0-1       60 plies (checkmate)
game  16  cpp-alphabeta(W) vs py-alphabeta(B)  1/2-1/2   76 plies (repetition)
game  17  py-alphabeta(W) vs cpp-alphabeta(B)  1/2-1/2   74 plies (repetition)
game  18  cpp-alphabeta(W) vs py-alphabeta(B)  1/2-1/2   104 plies (repetition)
game  19  py-alphabeta(W) vs cpp-alphabeta(B)  0-1       112 plies (checkmate)

==== summary ====
games completed : 20 / 20
cpp-alphabeta wins: 9   py-alphabeta wins: 0   draws: 11
protocol errors : 0
timeouts        : 0
illegal moves   : 0
log written to  : runs/tax_time.jsonl

GATE 2: PASS
